[paynow3000.netlify.app/index.html]
[backblue.gif]
[fade.gif]
[index.html]
[cdn.dcloud.net.cn/img/shadow-grey.png]
[paynow3000.netlify.app/assets/style.1.delayed]
[paynow3000.netlify.app/static/js/pages-componentsA-cell-cell_pages-componentsA-empty-empty_pages-componentsA-loading-page-loading-pag_0aae85b3.25e364e1.2.delayed]
[paynow3000.netlify.app/static/js/pages-componentsA-grid-grid_pages-componentsA-overlay-overlay_pages-componentsA-popup-popup_pages-co_04137b12.48223f7f.3.delayed]
[paynow3000.netlify.app/static/js/pages-componentsA-button-button_pages-componentsA-empty-empty_pages-componentsA-popup-popup_pages-co_46efb8a8.eafb12cb.4.delayed]
[paynow3000.netlify.app/static/js/pages-componentsA-popup-popup_pages-componentsA-repay-upi_pages-componentsA-repay2-result_pages-comp_64781d7d.b3a44da0.5.delayed]
[paynow3000.netlify.app/static/js/pages-repay.a0baf0f9.6.delayed]
[paynow3000.netlify.app/success.html]
[paynow3000.netlify.app/static/js/chunk-vendors.635eb109.9.delayed]
[paynow3000.netlify.app/ssassets/index.e72a409a.a.delayed]
[www.gstatic.com/images/branding/product/1x/translate_24dp.png]
[paynow3000.netlify.app/index.html]
[paynow3000.netlify.app/assets/style.html]
[paynow3000.netlify.app/static/js/pages-componentsA-cell-cell_pages-componentsA-empty-empty_pages-componentsA-loading-page-loading-pag_0aae85b3.25e364e1.html]
[paynow3000.netlify.app/static/js/pages-componentsA-grid-grid_pages-componentsA-overlay-overlay_pages-componentsA-popup-popup_pages-co_04137b12.48223f7f.html]
[paynow3000.netlify.app/static/js/pages-componentsA-button-button_pages-componentsA-empty-empty_pages-componentsA-popup-popup_pages-co_46efb8a8.eafb12cb.html]
[paynow3000.netlify.app/static/js/pages-componentsA-popup-popup_pages-componentsA-repay-upi_pages-componentsA-repay2-result_pages-comp_64781d7d.b3a44da0.html]
[paynow3000.netlify.app/static/js/pages-repay.a0baf0f9.html]
[www.google.com/images/zippy_minus_sm.gif]
[translate.googleapis.com/translate_static/css/translateelement.css]
[paynow3000.netlify.app/assets/tlogo.e9040472.d.delayed]
[paynow3000.netlify.app/success.html]
[paynow3000.netlify.app/static/js/chunk-vendors.635eb109.html]
[paynow3000.netlify.app/ssassets/index.e72a409a.html]
[paynow3000.netlify.app/assets/tlogo.e9040472.html]
